00:00 +0: loading C:/Users/LENOVO/Documents/Coding/vora_tube/test/artwork_file_cache_test.dart
00:00 +0: C:/Users/LENOVO/Documents/Coding/vora_tube/test/artwork_file_cache_test.dart: resolve treats a null or empty path as no artwork
00:00 +1: C:/Users/LENOVO/Documents/Coding/vora_tube/test/artwork_file_cache_test.dart: resolve resolves a file that exists
00:00 +2: C:/Users/LENOVO/Documents/Coding/vora_tube/test/artwork_file_cache_test.dart: resolve returns null for a path with no file behind it
00:00 +3: C:/Users/LENOVO/Documents/Coding/vora_tube/test/artwork_file_cache_test.dart: resolve remembers a miss so it is not re-checked
00:00 +4: C:/Users/LENOVO/Documents/Coding/vora_tube/test/artwork_file_cache_test.dart: resolve remembers a hit so it is not re-checked
00:00 +5: C:/Users/LENOVO/Documents/Coding/vora_tube/test/artwork_file_cache_test.dart: resolve forget on an untracked or empty path is harmless
00:00 +6: C:/Users/LENOVO/Documents/Coding/vora_tube/test/artwork_file_cache_test.dart: resolve invalidate clears every remembered answer
00:00 +7: C:/Users/LENOVO/Documents/Coding/vora_tube/test/artwork_file_cache_test.dart: decodeWidth scales by device pixel ratio
00:00 +8: C:/Users/LENOVO/Documents/Coding/vora_tube/test/artwork_file_cache_test.dart: decodeWidth clamps to a sane range
00:00 +9: C:/Users/LENOVO/Documents/Coding/vora_tube/test/artwork_file_cache_test.dart: decodeWidth survives a nonsensical pixel ratio
00:00 +10: C:/Users/LENOVO/Documents/Coding/vora_tube/test/compact_lyrics_panel_test.dart: starts expanded showing the full lyrics list
00:00 +11: C:/Users/LENOVO/Documents/Coding/vora_tube/test/compact_lyrics_panel_test.dart: starts expanded showing the full lyrics list
00:00 +12: C:/Users/LENOVO/Documents/Coding/vora_tube/test/compact_lyrics_panel_test.dart: starts expanded showing the full lyrics list
00:00 +13: C:/Users/LENOVO/Documents/Coding/vora_tube/test/compact_lyrics_panel_test.dart: starts expanded showing the full lyrics list
00:00 +14: C:/Users/LENOVO/Documents/Coding/vora_tube/test/compact_lyrics_panel_test.dart: starts expanded showing the full lyrics list
00:00 +15: C:/Users/LENOVO/Documents/Coding/vora_tube/test/compact_lyrics_panel_test.dart: starts expanded showing the full lyrics list
00:00 +16: C:/Users/LENOVO/Documents/Coding/vora_tube/test/compact_lyrics_panel_test.dart: starts expanded showing the full lyrics list
00:00 +17: C:/Users/LENOVO/Documents/Coding/vora_tube/test/compact_lyrics_panel_test.dart: starts expanded showing the full lyrics list
00:00 +18: C:/Users/LENOVO/Documents/Coding/vora_tube/test/compact_lyrics_panel_test.dart: starts expanded showing the full lyrics list
00:01 +19: C:/Users/LENOVO/Documents/Coding/vora_tube/test/compact_lyrics_panel_test.dart: starts expanded showing the full lyrics list
00:01 +20: C:/Users/LENOVO/Documents/Coding/vora_tube/test/compact_lyrics_panel_test.dart: starts expanded showing the full lyrics list
00:01 +21: C:/Users/LENOVO/Documents/Coding/vora_tube/test/compact_lyrics_panel_test.dart: starts expanded showing the full lyrics list
00:01 +22: C:/Users/LENOVO/Documents/Coding/vora_tube/test/full_player_test.dart: FullPlayerScreen renders song title and artist when track is playing
00:01 +23: C:/Users/LENOVO/Documents/Coding/vora_tube/test/full_player_test.dart: FullPlayerScreen renders song title and artist when track is playing
00:01 +24: C:/Users/LENOVO/Documents/Coding/vora_tube/test/full_player_test.dart: FullPlayerScreen renders song title and artist when track is playing
00:01 +25: C:/Users/LENOVO/Documents/Coding/vora_tube/test/full_player_test.dart: FullPlayerScreen renders song title and artist when track is playing
00:01 +26: C:/Users/LENOVO/Documents/Coding/vora_tube/test/full_player_test.dart: FullPlayerScreen renders song title and artist when track is playing
00:01 +27: C:/Users/LENOVO/Documents/Coding/vora_tube/test/full_player_test.dart: FullPlayerScreen renders song title and artist when track is playing
00:01 +28: C:/Users/LENOVO/Documents/Coding/vora_tube/test/full_player_test.dart: FullPlayerScreen renders song title and artist when track is playing
00:01 +29: C:/Users/LENOVO/Documents/Coding/vora_tube/test/full_player_test.dart: FullPlayerScreen renders song title and artist when track is playing
00:01 +30: C:/Users/LENOVO/Documents/Coding/vora_tube/test/full_player_test.dart: FullPlayerScreen renders song title and artist when track is playing
00:01 +31: C:/Users/LENOVO/Documents/Coding/vora_tube/test/full_player_test.dart: FullPlayerScreen renders song title and artist when track is playing
00:01 +32: C:/Users/LENOVO/Documents/Coding/vora_tube/test/full_player_test.dart: FullPlayerScreen renders song title and artist when track is playing
00:01 +33: C:/Users/LENOVO/Documents/Coding/vora_tube/test/full_player_test.dart: FullPlayerScreen renders song title and artist when track is playing
00:01 +34: C:/Users/LENOVO/Documents/Coding/vora_tube/test/full_player_test.dart: FullPlayerScreen renders song title and artist when track is playing
00:01 +35: C:/Users/LENOVO/Documents/Coding/vora_tube/test/full_player_test.dart: FullPlayerScreen renders song title and artist when track is playing
00:01 +36: C:/Users/LENOVO/Documents/Coding/vora_tube/test/full_player_test.dart: FullPlayerScreen renders song title and artist when track is playing
00:01 +37: C:/Users/LENOVO/Documents/Coding/vora_tube/test/full_player_test.dart: FullPlayerScreen renders song title and artist when track is playing
00:01 +38: C:/Users/LENOVO/Documents/Coding/vora_tube/test/full_player_test.dart: FullPlayerScreen renders song title and artist when track is playing
00:01 +39: C:/Users/LENOVO/Documents/Coding/vora_tube/test/full_player_test.dart: FullPlayerScreen renders song title and artist when track is playing
00:01 +40: C:/Users/LENOVO/Documents/Coding/vora_tube/test/full_player_test.dart: FullPlayerScreen renders song title and artist when track is playing
00:01 +41: C:/Users/LENOVO/Documents/Coding/vora_tube/test/full_player_test.dart: FullPlayerScreen renders song title and artist when track is playing
00:01 +42: C:/Users/LENOVO/Documents/Coding/vora_tube/test/full_player_test.dart: FullPlayerScreen renders song title and artist when track is playing
00:01 +43: C:/Users/LENOVO/Documents/Coding/vora_tube/test/full_player_test.dart: FullPlayerScreen renders song title and artist when track is playing
00:01 +44: C:/Users/LENOVO/Documents/Coding/vora_tube/test/full_player_test.dart: FullPlayerScreen renders song title and artist when track is playing
00:01 +45: C:/Users/LENOVO/Documents/Coding/vora_tube/test/full_player_test.dart: FullPlayerScreen renders song title and artist when track is playing
00:01 +46: C:/Users/LENOVO/Documents/Coding/vora_tube/test/full_player_test.dart: FullPlayerScreen renders song title and artist when track is playing
00:01 +47: C:/Users/LENOVO/Documents/Coding/vora_tube/test/full_player_test.dart: FullPlayerScreen renders song title and artist when track is playing
00:01 +48: C:/Users/LENOVO/Documents/Coding/vora_tube/test/full_player_test.dart: FullPlayerScreen renders song title and artist when track is playing
00:01 +49: C:/Users/LENOVO/Documents/Coding/vora_tube/test/full_player_test.dart: FullPlayerScreen renders song title and artist when track is playing
00:01 +50: C:/Users/LENOVO/Documents/Coding/vora_tube/test/full_player_test.dart: FullPlayerScreen renders song title and artist when track is playing
00:01 +51: C:/Users/LENOVO/Documents/Coding/vora_tube/test/full_player_test.dart: FullPlayerScreen renders song title and artist when track is playing
00:01 +52: C:/Users/LENOVO/Documents/Coding/vora_tube/test/full_player_test.dart: FullPlayerScreen renders song title and artist when track is playing
00:01 +53: C:/Users/LENOVO/Documents/Coding/vora_tube/test/full_player_test.dart: FullPlayerScreen renders song title and artist when track is playing
00:01 +54: C:/Users/LENOVO/Documents/Coding/vora_tube/test/full_player_test.dart: FullPlayerScreen renders song title and artist when track is playing
00:01 +55: C:/Users/LENOVO/Documents/Coding/vora_tube/test/full_player_test.dart: FullPlayerScreen renders song title and artist when track is playing
00:01 +56: C:/Users/LENOVO/Documents/Coding/vora_tube/test/full_player_test.dart: FullPlayerScreen renders song title and artist when track is playing
00:01 +57: C:/Users/LENOVO/Documents/Coding/vora_tube/test/full_player_test.dart: FullPlayerScreen renders song title and artist when track is playing
00:01 +58: C:/Users/LENOVO/Documents/Coding/vora_tube/test/full_player_test.dart: FullPlayerScreen renders song title and artist when track is playing
00:01 +59: C:/Users/LENOVO/Documents/Coding/vora_tube/test/full_player_test.dart: FullPlayerScreen renders song title and artist when track is playing
00:01 +60: C:/Users/LENOVO/Documents/Coding/vora_tube/test/full_player_test.dart: FullPlayerScreen renders song title and artist when track is playing
00:01 +61: C:/Users/LENOVO/Documents/Coding/vora_tube/test/full_player_test.dart: FullPlayerScreen renders song title and artist when track is playing
00:01 +62: C:/Users/LENOVO/Documents/Coding/vora_tube/test/full_player_test.dart: FullPlayerScreen renders song title and artist when track is playing
00:01 +63: C:/Users/LENOVO/Documents/Coding/vora_tube/test/full_player_test.dart: FullPlayerScreen renders song title and artist when track is playing
00:01 +64: C:/Users/LENOVO/Documents/Coding/vora_tube/test/full_player_test.dart: FullPlayerScreen renders song title and artist when track is playing
00:01 +65: C:/Users/LENOVO/Documents/Coding/vora_tube/test/full_player_test.dart: FullPlayerScreen renders song title and artist when track is playing
00:01 +66: C:/Users/LENOVO/Documents/Coding/vora_tube/test/full_player_test.dart: FullPlayerScreen renders song title and artist when track is playing
00:01 +67: C:/Users/LENOVO/Documents/Coding/vora_tube/test/full_player_test.dart: FullPlayerScreen renders song title and artist when track is playing
00:01 +68: C:/Users/LENOVO/Documents/Coding/vora_tube/test/full_player_test.dart: FullPlayerScreen renders song title and artist when track is playing
00:01 +69: C:/Users/LENOVO/Documents/Coding/vora_tube/test/full_player_test.dart: FullPlayerScreen renders song title and artist when track is playing
00:01 +70: C:/Users/LENOVO/Documents/Coding/vora_tube/test/full_player_test.dart: FullPlayerScreen renders song title and artist when track is playing
00:01 +71: C:/Users/LENOVO/Documents/Coding/vora_tube/test/full_player_test.dart: FullPlayerScreen renders song title and artist when track is playing
00:01 +72: C:/Users/LENOVO/Documents/Coding/vora_tube/test/full_player_test.dart: FullPlayerScreen renders song title and artist when track is playing
00:01 +73: C:/Users/LENOVO/Documents/Coding/vora_tube/test/full_player_test.dart: FullPlayerScreen renders song title and artist when track is playing
00:01 +74: C:/Users/LENOVO/Documents/Coding/vora_tube/test/full_player_test.dart: FullPlayerScreen renders song title and artist when track is playing
00:01 +75: C:/Users/LENOVO/Documents/Coding/vora_tube/test/full_player_test.dart: FullPlayerScreen renders song title and artist when track is playing
00:01 +76: C:/Users/LENOVO/Documents/Coding/vora_tube/test/full_player_test.dart: FullPlayerScreen renders song title and artist when track is playing
00:01 +77: C:/Users/LENOVO/Documents/Coding/vora_tube/test/full_player_test.dart: FullPlayerScreen renders song title and artist when track is playing
00:01 +78: C:/Users/LENOVO/Documents/Coding/vora_tube/test/full_player_test.dart: FullPlayerScreen renders song title and artist when track is playing
00:01 +79: C:/Users/LENOVO/Documents/Coding/vora_tube/test/full_player_test.dart: FullPlayerScreen renders song title and artist when track is playing
00:01 +80: C:/Users/LENOVO/Documents/Coding/vora_tube/test/full_player_test.dart: FullPlayerScreen renders song title and artist when track is playing
00:01 +81: C:/Users/LENOVO/Documents/Coding/vora_tube/test/full_player_test.dart: FullPlayerScreen renders song title and artist when track is playing
00:01 +82: C:/Users/LENOVO/Documents/Coding/vora_tube/test/full_player_test.dart: FullPlayerScreen renders song title and artist when track is playing
00:01 +83: C:/Users/LENOVO/Documents/Coding/vora_tube/test/full_player_test.dart: FullPlayerScreen renders song title and artist when track is playing
00:01 +84: C:/Users/LENOVO/Documents/Coding/vora_tube/test/full_player_test.dart: FullPlayerScreen renders song title and artist when track is playing
00:01 +85: C:/Users/LENOVO/Documents/Coding/vora_tube/test/full_player_test.dart: FullPlayerScreen renders song title and artist when track is playing
00:01 +86: C:/Users/LENOVO/Documents/Coding/vora_tube/test/full_player_test.dart: FullPlayerScreen renders song title and artist when track is playing
00:01 +87: C:/Users/LENOVO/Documents/Coding/vora_tube/test/full_player_test.dart: FullPlayerScreen renders song title and artist when track is playing
00:01 +88: C:/Users/LENOVO/Documents/Coding/vora_tube/test/full_player_test.dart: FullPlayerScreen renders song title and artist when track is playing
00:01 +89: C:/Users/LENOVO/Documents/Coding/vora_tube/test/full_player_test.dart: FullPlayerScreen renders song title and artist when track is playing
00:01 +90: C:/Users/LENOVO/Documents/Coding/vora_tube/test/full_player_test.dart: FullPlayerScreen renders song title and artist when track is playing
00:01 +91: C:/Users/LENOVO/Documents/Coding/vora_tube/test/full_player_test.dart: FullPlayerScreen renders song title and artist when track is playing
00:01 +92: C:/Users/LENOVO/Documents/Coding/vora_tube/test/full_player_test.dart: FullPlayerScreen renders song title and artist when track is playing
00:01 +93: C:/Users/LENOVO/Documents/Coding/vora_tube/test/full_player_test.dart: FullPlayerScreen renders song title and artist when track is playing
00:01 +94: C:/Users/LENOVO/Documents/Coding/vora_tube/test/full_player_test.dart: FullPlayerScreen renders song title and artist when track is playing
00:01 +95: C:/Users/LENOVO/Documents/Coding/vora_tube/test/full_player_test.dart: FullPlayerScreen renders song title and artist when track is playing
00:01 +96: C:/Users/LENOVO/Documents/Coding/vora_tube/test/permission_gate_test.dart: shows permission screen when audio permission is denied
00:01 +97: C:/Users/LENOVO/Documents/Coding/vora_tube/test/permission_gate_test.dart: shows permission screen when audio permission is denied
00:01 +98: C:/Users/LENOVO/Documents/Coding/vora_tube/test/permission_gate_test.dart: shows permission screen when audio permission is denied
00:01 +99: C:/Users/LENOVO/Documents/Coding/vora_tube/test/permission_gate_test.dart: shows permission screen when audio permission is denied
00:01 +100: C:/Users/LENOVO/Documents/Coding/vora_tube/test/permission_gate_test.dart: shows permission screen when audio permission is denied
00:01 +101: C:/Users/LENOVO/Documents/Coding/vora_tube/test/permission_gate_test.dart: shows permission screen when audio permission is denied
00:01 +102: C:/Users/LENOVO/Documents/Coding/vora_tube/test/permission_gate_test.dart: shows permission screen when audio permission is denied
00:01 +103: C:/Users/LENOVO/Documents/Coding/vora_tube/test/permission_gate_test.dart: shows permission screen when audio permission is denied
00:01 +104: C:/Users/LENOVO/Documents/Coding/vora_tube/test/permission_gate_test.dart: shows permission screen when audio permission is denied
00:01 +105: C:/Users/LENOVO/Documents/Coding/vora_tube/test/permission_gate_test.dart: shows permission screen when audio permission is denied
00:01 +106: C:/Users/LENOVO/Documents/Coding/vora_tube/test/permission_gate_test.dart: shows permission screen when audio permission is denied
00:02 +107: C:/Users/LENOVO/Documents/Coding/vora_tube/test/permission_gate_test.dart: shows permission screen when audio permission is denied
00:02 +108: C:/Users/LENOVO/Documents/Coding/vora_tube/test/permission_gate_test.dart: shows permission screen when audio permission is denied
00:02 +109: C:/Users/LENOVO/Documents/Coding/vora_tube/test/permission_gate_test.dart: shows permission screen when audio permission is denied
00:02 +110: C:/Users/LENOVO/Documents/Coding/vora_tube/test/permission_gate_test.dart: shows permission screen when audio permission is denied
00:02 +111: C:/Users/LENOVO/Documents/Coding/vora_tube/test/permission_gate_test.dart: shows permission screen when audio permission is denied
00:02 +112: C:/Users/LENOVO/Documents/Coding/vora_tube/test/permission_gate_test.dart: shows permission screen when audio permission is denied
00:02 +113: C:/Users/LENOVO/Documents/Coding/vora_tube/test/permission_gate_test.dart: shows permission screen when audio permission is denied
00:02 +114: C:/Users/LENOVO/Documents/Coding/vora_tube/test/permission_gate_test.dart: shows permission screen when audio permission is denied
00:02 +115: C:/Users/LENOVO/Documents/Coding/vora_tube/test/permission_gate_test.dart: shows permission screen when audio permission is denied
00:02 +116: C:/Users/LENOVO/Documents/Coding/vora_tube/test/permission_gate_test.dart: shows permission screen when audio permission is denied
00:02 +117: C:/Users/LENOVO/Documents/Coding/vora_tube/test/permission_gate_test.dart: shows permission screen when audio permission is denied
00:02 +118: C:/Users/LENOVO/Documents/Coding/vora_tube/test/permission_gate_test.dart: shows permission screen when audio permission is denied
00:02 +119: C:/Users/LENOVO/Documents/Coding/vora_tube/test/permission_gate_test.dart: shows permission screen when audio permission is denied
00:02 +120: C:/Users/LENOVO/Documents/Coding/vora_tube/test/permission_gate_test.dart: shows permission screen when audio permission is denied
00:02 +121: C:/Users/LENOVO/Documents/Coding/vora_tube/test/permission_gate_test.dart: shows permission screen when audio permission is denied
00:02 +122: C:/Users/LENOVO/Documents/Coding/vora_tube/test/permission_gate_test.dart: shows permission screen when audio permission is denied
00:02 +123: C:/Users/LENOVO/Documents/Coding/vora_tube/test/permission_gate_test.dart: shows permission screen when audio permission is denied
00:02 +124: C:/Users/LENOVO/Documents/Coding/vora_tube/test/permission_gate_test.dart: shows permission screen when audio permission is denied
00:02 +125: C:/Users/LENOVO/Documents/Coding/vora_tube/test/permission_gate_test.dart: shows permission screen when audio permission is denied
00:02 +126: C:/Users/LENOVO/Documents/Coding/vora_tube/test/permission_gate_test.dart: shows permission screen when audio permission is denied
00:02 +127: C:/Users/LENOVO/Documents/Coding/vora_tube/test/permission_gate_test.dart: shows permission screen when audio permission is denied
00:02 +128: C:/Users/LENOVO/Documents/Coding/vora_tube/test/permission_gate_test.dart: shows permission screen when audio permission is denied
00:02 +129: C:/Users/LENOVO/Documents/Coding/vora_tube/test/permission_gate_test.dart: shows permission screen when audio permission is denied
00:02 +130: C:/Users/LENOVO/Documents/Coding/vora_tube/test/permission_gate_test.dart: shows permission screen when audio permission is denied
00:02 +131: C:/Users/LENOVO/Documents/Coding/vora_tube/test/permission_gate_test.dart: shows permission screen when audio permission is denied
00:02 +132: C:/Users/LENOVO/Documents/Coding/vora_tube/test/permission_gate_test.dart: shows permission screen when audio permission is denied
00:02 +133: C:/Users/LENOVO/Documents/Coding/vora_tube/test/regression_v4_v5_test.dart: v4 DB with songs survives migration to v5 and remains queryable
00:02 +134: C:/Users/LENOVO/Documents/Coding/vora_tube/test/regression_v4_v5_test.dart: v4 DB with songs survives migration to v5 and remains queryable
00:02 +135: C:/Users/LENOVO/Documents/Coding/vora_tube/test/regression_v4_v5_test.dart: v4 DB with songs survives migration to v5 and remains queryable
00:02 +136: C:/Users/LENOVO/Documents/Coding/vora_tube/test/regression_v4_v5_test.dart: v4 DB with songs survives migration to v5 and remains queryable
00:02 +137: C:/Users/LENOVO/Documents/Coding/vora_tube/test/regression_v4_v5_test.dart: v4 DB with songs survives migration to v5 and remains queryable
00:02 +138: C:/Users/LENOVO/Documents/Coding/vora_tube/test/regression_v4_v5_test.dart: v4 DB with songs survives migration to v5 and remains queryable
00:02 +139: C:/Users/LENOVO/Documents/Coding/vora_tube/test/regression_v4_v5_test.dart: v4 DB with songs survives migration to v5 and remains queryable
00:02 +140: C:/Users/LENOVO/Documents/Coding/vora_tube/test/regression_v4_v5_test.dart: v4 DB with songs survives migration to v5 and remains queryable
00:02 +141: C:/Users/LENOVO/Documents/Coding/vora_tube/test/regression_v4_v5_test.dart: v4 DB with songs survives migration to v5 and remains queryable
00:02 +142: C:/Users/LENOVO/Documents/Coding/vora_tube/test/regression_v4_v5_test.dart: v4 DB with songs survives migration to v5 and remains queryable
00:02 +143: C:/Users/LENOVO/Documents/Coding/vora_tube/test/regression_v4_v5_test.dart: v4 DB with songs survives migration to v5 and remains queryable
00:02 +144: C:/Users/LENOVO/Documents/Coding/vora_tube/test/regression_v4_v5_test.dart: v4 DB with songs survives migration to v5 and remains queryable
00:02 +145: C:/Users/LENOVO/Documents/Coding/vora_tube/test/regression_v4_v5_test.dart: v4 DB with songs survives migration to v5 and remains queryable
00:02 +146: C:/Users/LENOVO/Documents/Coding/vora_tube/test/regression_v4_v5_test.dart: v4 DB with songs survives migration to v5 and remains queryable
00:02 +147: C:/Users/LENOVO/Documents/Coding/vora_tube/test/regression_v4_v5_test.dart: v4 DB with songs survives migration to v5 and remains queryable
00:02 +148: C:/Users/LENOVO/Documents/Coding/vora_tube/test/regression_v4_v5_test.dart: v4 DB with songs survives migration to v5 and remains queryable
00:02 +149: C:/Users/LENOVO/Documents/Coding/vora_tube/test/regression_v4_v5_test.dart: v4 DB with songs survives migration to v5 and remains queryable
00:02 +150: C:/Users/LENOVO/Documents/Coding/vora_tube/test/regression_v4_v5_test.dart: v4 DB with songs survives migration to v5 and remains queryable
00:02 +151: C:/Users/LENOVO/Documents/Coding/vora_tube/test/regression_v4_v5_test.dart: v4 DB with songs survives migration to v5 and remains queryable
00:02 +152: C:/Users/LENOVO/Documents/Coding/vora_tube/test/regression_v4_v5_test.dart: v4 DB with songs survives migration to v5 and remains queryable
00:02 +153: C:/Users/LENOVO/Documents/Coding/vora_tube/test/regression_v4_v5_test.dart: v4 DB with songs survives migration to v5 and remains queryable
00:02 +154: C:/Users/LENOVO/Documents/Coding/vora_tube/test/regression_v4_v5_test.dart: v4 DB with songs survives migration to v5 and remains queryable
00:02 +155: C:/Users/LENOVO/Documents/Coding/vora_tube/test/regression_v4_v5_test.dart: v4 DB with songs survives migration to v5 and remains queryable
00:02 +156: C:/Users/LENOVO/Documents/Coding/vora_tube/test/regression_v4_v5_test.dart: v4 DB with songs survives migration to v5 and remains queryable
00:02 +157: C:/Users/LENOVO/Documents/Coding/vora_tube/test/regression_v4_v5_test.dart: v4 DB with songs survives migration to v5 and remains queryable
00:02 +158: C:/Users/LENOVO/Documents/Coding/vora_tube/test/regression_v4_v5_test.dart: v4 DB with songs survives migration to v5 and remains queryable
00:02 +159: C:/Users/LENOVO/Documents/Coding/vora_tube/test/splash_screen_test.dart: shows splash then transitions to child
00:02 +160: C:/Users/LENOVO/Documents/Coding/vora_tube/test/splash_screen_test.dart: shows splash then transitions to child
00:02 +161: C:/Users/LENOVO/Documents/Coding/vora_tube/test/splash_screen_test.dart: shows splash then transitions to child
00:02 +162: C:/Users/LENOVO/Documents/Coding/vora_tube/test/splash_screen_test.dart: shows splash then transitions to child
00:02 +163: C:/Users/LENOVO/Documents/Coding/vora_tube/test/splash_screen_test.dart: shows splash then transitions to child
00:02 +164: C:/Users/LENOVO/Documents/Coding/vora_tube/test/splash_screen_test.dart: shows splash then transitions to child
00:02 +165: C:/Users/LENOVO/Documents/Coding/vora_tube/test/splash_screen_test.dart: shows splash then transitions to child
00:02 +166: C:/Users/LENOVO/Documents/Coding/vora_tube/test/splash_screen_test.dart: shows splash then transitions to child
00:02 +167: C:/Users/LENOVO/Documents/Coding/vora_tube/test/splash_screen_test.dart: shows splash then transitions to child
00:02 +168: C:/Users/LENOVO/Documents/Coding/vora_tube/test/splash_screen_test.dart: shows splash then transitions to child
00:03 +169: C:/Users/LENOVO/Documents/Coding/vora_tube/test/splash_screen_test.dart: shows splash then transitions to child
00:03 +170: C:/Users/LENOVO/Documents/Coding/vora_tube/test/splash_screen_test.dart: shows splash then transitions to child
00:03 +171: C:/Users/LENOVO/Documents/Coding/vora_tube/test/splash_screen_test.dart: shows splash then transitions to child
00:03 +172: C:/Users/LENOVO/Documents/Coding/vora_tube/test/splash_screen_test.dart: shows splash then transitions to child
00:03 +173: C:/Users/LENOVO/Documents/Coding/vora_tube/test/full_player_test.dart: Full player controller integration tapping next triggers next()
00:03 +174: C:/Users/LENOVO/Documents/Coding/vora_tube/test/full_player_test.dart: Full player controller integration tapping next triggers next()
00:03 +175: C:/Users/LENOVO/Documents/Coding/vora_tube/test/full_player_test.dart: Full player controller integration tapping previous triggers previous()
00:03 +176: C:/Users/LENOVO/Documents/Coding/vora_tube/test/full_player_test.dart: Full player controller integration rewind-10 button calls seekBy(-10s)
00:03 +177: C:/Users/LENOVO/Documents/Coding/vora_tube/test/full_player_test.dart: Full player controller integration forward-10 button calls seekBy(+10s)
00:03 +178: C:/Users/LENOVO/Documents/Coding/vora_tube/test/full_player_test.dart: Full player controller integration repeated rapid rewind/forward taps queue seekBy calls
00:03 +179: C:/Users/LENOVO/Documents/Coding/vora_tube/test/full_player_test.dart: Full player controller integration shrink wrap: full player does not throw on small viewport
00:03 +180: C:/Users/LENOVO/Documents/Coding/vora_tube/test/full_player_test.dart: FakePlayer.currentQueue returns a copy of the queue
00:03 +181: C:/Users/LENOVO/Documents/Coding/vora_tube/test/full_player_test.dart: clampSeekBy clamps rewind below zero to zero
00:03 +182: C:/Users/LENOVO/Documents/Coding/vora_tube/test/full_player_test.dart: clampSeekBy clamps forward beyond duration to duration
00:03 +183: C:/Users/LENOVO/Documents/Coding/vora_tube/test/full_player_test.dart: clampSeekBy normal forward within range is position plus offset
00:03 +184: C:/Users/LENOVO/Documents/Coding/vora_tube/test/full_player_test.dart: clampSeekBy normal rewind within range is position minus offset
00:03 +185: C:/Users/LENOVO/Documents/Coding/vora_tube/test/full_player_test.dart: clampSeekBy handles unknown duration by only clamping below zero
00:03 +186: C:/Users/LENOVO/Documents/Coding/vora_tube/test/full_player_test.dart: (tearDownAll)
00:04 +186: C:/Users/LENOVO/Documents/Coding/vora_tube/test/widget_test.dart: VoraTube shell renders with four tabs
00:05 +187: All tests passed!
